Starting a Gradle Daemon, 2 busy and 2 incompatible and 7 stopped Daemons could not be reused, use --status for details
Reusing configuration cache.
> Task :app:preBuild UP-TO-DATE
> Task :app:preDebugBuild UP-TO-DATE
> Task :app:processDebugGoogleServices UP-TO-DATE
> Task :app:generateDebugResources UP-TO-DATE
> Task :app:packageDebugResources UP-TO-DATE
> Task :app:processDebugNavigationResources UP-TO-DATE
> Task :app:parseDebugLocalResources UP-TO-DATE
> Task :app:generateDebugRFile UP-TO-DATE

> Task :app:compileDebugKotlin
w: file:///C:/Users/dilsh/.gemini/antigravity/scratch/SubscriptionManagerApp/app/src/main/java/com/example/subscriptionmanager/ui/screens/ManagerDashboardScreen.kt:193:25 'fun Divider(modifier: Modifier = ..., thickness: Dp = ..., color: Color = ...): Unit' is deprecated. Renamed to HorizontalDivider.
w: file:///C:/Users/dilsh/.gemini/antigravity/scratch/SubscriptionManagerApp/app/src/main/java/com/example/subscriptionmanager/ui/screens/ManagerDashboardScreen.kt:345:43 'val Icons.Filled.KeyboardArrowRight: ImageVector' is deprecated. Use the AutoMirrored version at Icons.AutoMirrored.Filled.KeyboardArrowRight.
w: file:///C:/Users/dilsh/.gemini/antigravity/scratch/SubscriptionManagerApp/app/src/main/java/com/example/subscriptionmanager/ui/screens/ManagerMemberDetailScreen.kt:97:74 'val Icons.Filled.ArrowBack: ImageVector' is deprecated. Use the AutoMirrored version at Icons.AutoMirrored.Filled.ArrowBack.
w: file:///C:/Users/dilsh/.gemini/antigravity/scratch/SubscriptionManagerApp/app/src/main/java/com/example/subscriptionmanager/ui/screens/ManagerMemberDetailScreen.kt:168:72 'val Icons.Filled.List: ImageVector' is deprecated. Use the AutoMirrored version at Icons.AutoMirrored.Filled.List.
w: file:///C:/Users/dilsh/.gemini/antigravity/scratch/SubscriptionManagerApp/app/src/main/java/com/example/subscriptionmanager/ui/screens/MemberDashboardScreen.kt:258:47 'val Icons.Filled.List: ImageVector' is deprecated. Use the AutoMirrored version at Icons.AutoMirrored.Filled.List.
w: file:///C:/Users/dilsh/.gemini/antigravity/scratch/SubscriptionManagerApp/app/src/main/java/com/example/subscriptionmanager/ui/screens/MemberDashboardScreen.kt:456:52 Unnecessary safe call on a non-null receiver of type 'SubscriptionViewModel'.
w: file:///C:/Users/dilsh/.gemini/antigravity/scratch/SubscriptionManagerApp/app/src/main/java/com/example/subscriptionmanager/ui/screens/SubscriptionListScreen.kt:71:51 'val Icons.Filled.ExitToApp: ImageVector' is deprecated. Use the AutoMirrored version at Icons.AutoMirrored.Filled.ExitToApp.
w: file:///C:/Users/dilsh/.gemini/antigravity/scratch/SubscriptionManagerApp/app/src/main/java/com/example/subscriptionmanager/ui/screens/SubscriptionListScreen.kt:108:70 'val Icons.Filled.Send: ImageVector' is deprecated. Use the AutoMirrored version at Icons.AutoMirrored.Filled.Send.
w: file:///C:/Users/dilsh/.gemini/antigravity/scratch/SubscriptionManagerApp/app/src/main/java/com/example/subscriptionmanager/ui/screens/SubscriptionListScreen.kt:260:31 'val Icons.Filled.Send: ImageVector' is deprecated. Use the AutoMirrored version at Icons.AutoMirrored.Filled.Send.
w: file:///C:/Users/dilsh/.gemini/antigravity/scratch/SubscriptionManagerApp/app/src/main/java/com/example/subscriptionmanager/ui/screens/SubscriptionManagementScreens.kt:78:43 'val Icons.Filled.ArrowBack: ImageVector' is deprecated. Use the AutoMirrored version at Icons.AutoMirrored.Filled.ArrowBack.
w: file:///C:/Users/dilsh/.gemini/antigravity/scratch/SubscriptionManagerApp/app/src/main/java/com/example/subscriptionmanager/ui/screens/SubscriptionManagementScreens.kt:222:35 'val Icons.Filled.ArrowBack: ImageVector' is deprecated. Use the AutoMirrored version at Icons.AutoMirrored.Filled.ArrowBack.
w: file:///C:/Users/dilsh/.gemini/antigravity/scratch/SubscriptionManagerApp/app/src/main/java/com/example/subscriptionmanager/ui/screens/SubscriptionManagementScreens.kt:271:39 'val Icons.Filled.ArrowForward: ImageVector' is deprecated. Use the AutoMirrored version at Icons.AutoMirrored.Filled.ArrowForward.
w: file:///C:/Users/dilsh/.gemini/antigravity/scratch/SubscriptionManagerApp/app/src/main/java/com/example/subscriptionmanager/ui/screens/SubscriptionManagementScreens.kt:329:43 'val Icons.Filled.ArrowBack: ImageVector' is deprecated. Use the AutoMirrored version at Icons.AutoMirrored.Filled.ArrowBack.
w: file:///C:/Users/dilsh/.gemini/antigravity/scratch/SubscriptionManagerApp/app/src/main/java/com/example/subscriptionmanager/ui/screens/SubscriptionManagementScreens.kt:510:45 'val outlinedButtonBorder: BorderStroke' is deprecated. Please use the version that takes an `enabled` param to get the `BorderStroke` with the correct opacity.

BUILD SUCCESSFUL in 22s
7 actionable tasks: 1 executed, 6 up-to-date
Configuration cache entry reused.
